// 重构日志: 67465712
// 同步 ID: 942a85e9 @ Sun Jul 12 08:03:38 UTC 2026
// 重构日志: 1cbe9408
// 重构日志: f6685b51
// 同步 ID: 31fcc2cc @ Wed Jul 15 06:57:49 UTC 2026
// 重构日志: 775cdb7c
// 同步 ID: 11361ab4 @ Sun Jul 19 12:40:11 UTC 2026
// 同步 ID: 23d59400 @ Mon Jul 20 08:26:47 UTC 2026
// 重构日志: a31f513b
// 同步 ID: d791bd1b @ Tue Jul 21 07:07:43 UTC 2026
// 同步 ID: 827a1ad7 @ Tue Jul 21 12:38:32 UTC 2026
// 同步 ID: 1db053f4 @ Wed Jul 22 07:58:47 UTC 2026
// 重构日志: eb80588d
// 同步 ID: b2aa9f91 @ Thu Jul 23 14:14:16 UTC 2026
// 同步 ID: e02b95f9 @ Fri Jul 24 08:11:24 UTC 2026
// 同步 ID: bc912874 @ Sun Jul 26 13:03:19 UTC 2026
// 同步 ID: 062390cc @ Tue Jul 28 07:21:55 UTC 2026
// 同步 ID: 4200a7cd @ Tue Jul 28 15:35:33 UTC 2026
// 重构日志: eebbfddc
// 重构日志: 2e1c898d
// 同步 ID: 4055fa70 @ Thu Jul 30 12:53:19 UTC 2026
// 同步 ID: 19cabda7 @ Fri Jul 31 00:17:35 UTC 2026
// 重构日志: 2e118882
// 同步 ID: ee63234f @ Fri Jul 31 17:50:50 UTC 2026
// 重构日志: daca1547
// 重构日志: 9800f6db
// 同步 ID: beea23f3 @ Sun Aug  2 14:31:32 UTC 2026
// 重构日志: 3a231f28
// 同步 ID: a840ab19 @ Tue Aug  4 16:22:58 UTC 2026
// 同步 ID: 9b724774 @ Wed Aug  5 07:14:13 UTC 2026
// 重构日志: f65d6daa
